border_size=1
usage=map

Wo          , Wo          , Wo          , Wo          , Ai          , Ai          , Ai          , Ha          , Ha          , Ha          , Ha^Fpa      , Ha^Fpa      , Ha^Fpa      , Aa^Fpa      , Aa^Fpa      , Aa^Fpa      , Aa^Fpa      , Aa^Fpa      , Aa^Fpa      , Aa^Fpa      , Aa^Fpa      , Ai          , Wo          , Wo          , Ai          , Ai          , Ss          , Aa^Fpa      , Wo          , Aa^Fpa      , Aa^Fpa      , Aa^Fpa      , Ss          , Aa^Fpa      , Aa^Fpa      , Wo          , Aa          , Aa          , Wo          , Gg          , Ww^Vm       , Aa^Fpa      , Aa^Fpa      , Aa^Fpa      , Ss          , Aa^Fpa      , Aa^Fpa      , Aa^Fpa      , Aa^Fpa      , Aa^Fpa      , Aa^Fpa      , Aa^Fpa      , Aa^Fpa      , Aa^Fpa      , Aa^Fpa      , Aa^Fpa      , Aa^Fpa      , Aa^Fpa      , Aa^Fpa      , Gg          
Wo          , Wo          , Ai          , Ai          , Ai          , Ai          , Ha          , Ha          , Ha^Fma      , Ha^Fpa      , Ha^Fpa      , Ww          , Aa^Fpa      , Aa^Fpa      , Aa^Fpa      , Aa^Fpa      , Ww          , Aa^Vha      , Aa^Fpa      , Aa^Fpa      , Ai          , Ai          , Ai          , Ai          , Aa^Fpa      , Aa^Fpa      , Aa^Fpa      , Ss          , Ss          , Aa^Fpa      , Aa^Fpa      , Aa^Fpa      , Aa^Fpa      , Aa^Fpa      , Aa^Fpa      , Aa^Fpa      , Aa          , Aa          , Aa          , Aa^Fma      , Aa          , Aa^Vca      , Ww          , Aa^Fpa      , Aa^Fpa      , Aa^Fpa      , Wo          , Aa^Fpa      , Aa^Fpa      , Aa^Fpa      , Aa^Fpa      , Aa^Fpa      , Aa^Fpa      , Aa^Fpa      , Aa^Fpa      , Aa^Fpa      , Aa^Fpa      , Aa^Fpa      , Aa^Fpa      , Aa^Fpa      
Ai          , Ai          , Ha          , Wwr         , Mm          , Ha^Vhha     , Ha          , Ha          , Ha^Fma      , Ha^Fpa      , Ha^Fpa      , Ww          , Ww          , Aa^Fpa      , Aa^Fpa      , Aa^Fpa      , Wo          , Aa^Fpa      , Ai          , Ai          , Ai          , Ai          , Aa          , Aa^Fpa      , Aa^Fpa      , Aa^Fpa      , Aa^Fpa      , Aa^Fpa      , Aa^Fpa      , Aa^Fpa      , Aa^Fpa      , Wo          , Aa^Fpa      , Aa^Fpa      , Aa^Fpa      , Aa^Fpa      , Aa^Fpa      , Aa          , Aa^Fpa      , Aa          , Aa^Fpa      , Aa^Fpa      , Aa^Fpa      , Wo          , Wo          , Wo          , Wo          , Aa^Fpa      , Aa^Fpa      , Aa^Fpa      , Aa^Fpa      , Aa^Fpa      , Aa^Fpa      , Aa^Fpa      , Aa^Fpa      , Aa^Fpa      , Aa^Fpa      , Aa^Fpa      , Aa^Fpa      , Aa^Fpa      
Wwr         , Ha          , Ha^Fpa      , Mm          , Mm^Xm       , Mm          , Ha          , Ha^Fma      , Ha^Fma      , Ha^Fpa      , Ha^Fpa      , Ha^Fpa      , Wo          , Aa^Fpa      , Aa^Fpa      , Aa^Fpa      , Aa^Fpa      , Wo          , Ai          , Ai          , Aa          , Aa          , Ss          , Ss          , Aa^Fpa      , Aa^Fpa      , Aa^Fpa      , Aa^Fpa      , Wo          , Aa^Fpa      , Aa^Fpa      , Aa^Fpa      , Ss          , Aa^Fpa      , Aa^Fpa      , Aa^Fpa      , Ss          , Aa^Fpa      , Ss          , Aa^Fpa      , Aa^Fpa      , Aa^Fpa      , Aa^Fpa      , Aa^Fpa      , Aa^Fpa      , Aa^Fpa      , Wo          , Wo          , Wo          , Aa^Fpa      , Aa^Fpa      , Aa^Fpa      , Aa^Fpa      , Aa^Fpa      , Aa^Fpa      , Aa^Fpa      , Aa^Fpa      , Aa^Fpa      , Aa^Fpa      , Aa^Fpa      
Ha          , Ha^Fpa      , Ms          , Mm^Xm       , Mm^Xm       , Mm          , Ha^Fma      , Ha^Fma      , Ha^Fpa      , Mm          , Mm          , Aa^Fpa      , Aa^Fpa      , Wo          , Wo          , Aa^Fpa      , Ai          , Ai          , Wo          , Ai          , Ss          , Aa          , Ss          , Ss          , Aa^Fpa      , Aa^Fpa      , Wo          , Aa^Fpa      , Aa^Fpa      , Wo          , Wo          , Aa^Fpa      , Aa^Fpa      , Aa^Fpa      , Aa^Fpa      , Aa^Fpa      , Aa^Fpa      , Aa^Fpa      , Wo          , Aa^Fpa      , Ss          , Ss          , Aa^Fpa      , Aa^Fpa      , Aa^Fpa      , Aa^Fpa      , Aa^Fpa      , Ss          , Ss          , Wo          , Wo          , Aa^Fpa      , Ss          , Aa^Fpa      , Aa          , Aa          , Aa^Fpa      , Aa^Fpa      , Aa^Fpa      , Aa^Fpa      
Ha          , Ha^Fpa      , Ha^Fpa      , Mm^Xm       , Mm^Xm       , Mm          , Ha^Fma      , Ha^Fma      , Ha^Fpa      , Ha^Fpa      , Aa^Fpa      , Aa^Fpa      , Aa^Fpa      , Aa^Fpa      , Rp          , Ai          , Wo          , Wo          , Ai          , Ai          , Aa          , Aa          , Aa^Fpa      , Aa^Fpa      , Wo          , Aa^Fpa      , Wo          , Aa^Fpa      , Aa^Fpa      , Wo          , Aa^Fpa      , Aa^Fpa      , Wo          , Aa^Fpa      , Aa^Fpa      , Aa^Fpa      , Aa^Fpa      , Wo          , Wo          , Aa^Fpa      , Aa^Fpa      , Aa^Fpa      , Aa^Fpa      , Aa^Fpa      , Aa^Fpa      , Aa^Fpa      , Aa^Fpa      , Aa^Fpa      , Aa^Fpa      , Aa^Fpa      , Aa^Fpa      , Wo          , Ss          , Ss          , Aa^Fpa      , Aa          , Aa^Fpa      , Aa^Fpa      , Wo          , Wo          
Ha          , Ha^Fpa      , Ha^Fpa      , Mm          , Mm          , Ha          , Ha^Fma      , Ha^Fpa      , Ha^Fpa      , Ha^Fpa      , Aa^Fpa      , Aa^Fpa      , Aa^Fpa      , Aa^Fpa      , Rp          , Ai          , Ai          , Wo          , Ai          , Aa          , Ch          , Aa          , Aa^Fma      , Aa^Fda      , Aa^Fma      , Aa^Fpa      , Aa^Fpa      , Aa^Fpa      , Aa^Fpa      , Wo          , Aa^Fpa      , Aa^Fpa      , Wo          , Wo          , Wo          , Aa^Fpa      , Aa^Fpa      , Aa^Fpa      , Aa^Fpa      , Wo          , Aa^Fpa      , Aa^Fpa      , Aa          , Aa          , Aa^Fpa      , Aa^Fpa      , Aa^Fpa      , Aa^Fpa      , Aa^Fpa      , Aa^Fpa      , Aa^Fpa      , Wo          , Ww          , Wo          , Wo          , Wo          , Ww          , Aa^Vha      , Ww          , Aa^Fpa      
Ha          , Ha          , Mm^Xm       , Mm^Xm       , Ha^Fma      , Ha^Fma      , Ha^Fpa      , Ha^Fpa      , Ha^Fpa      , Aa^Fpa      , Aa^Fpa      , Aa^Fpa      , Aa^Fpa      , Aa^Vha      , Aa          , Rp          , Rp          , Ai          , Ai          , Ww^Vm       , Rp          , Aa          , Aa          , Aa          , Rp          , Aa          , Aa^Fma      , Aa^Fpa      , Aa^Fpa      , Aa^Fpa      , Aa^Fma      , Ss          , Wo          , Wo          , Wo          , Aa^Fpa      , Aa^Fpa      , Aa^Fpa      , Aa^Fpa      , Aa^Fpa      , Aa^Fpa      , Ss          , Wo          , Aa^Fpa      , Aa^Fpa      , Aa^Fpa      , Aa^Fpa      , Aa^Fpa      , Aa^Fpa      , Aa^Fpa      , Aa^Fpa      , Aa^Fpa      , Aa^Fpa      , Aa^Fpa      , Aa^Fpa      , Aa^Fpa      , Aa^Fpa      , Ww          , Aa^Fpa      , Aa^Fpa      
Ms          , Mm^Xm       , Aa          , Ha^Fma      , Ha^Fda      , Ha^Fma      , Ha^Fda      , Ha^Fpa      , Wo          , Wo          , Aa^Fpa      , Aa^Fpa      , Aa^Fma      , Aa^Fma      , Aa          , Aa          , Ch          , Ai          , Aa          , Ai          , Ww          , Rp          , Aa          , Rp          , Aa          , Aa^Vha      , Ai          , Aa^Fda      , Ai          , Ai          , Ai          , Ss          , Ss          , Aa^Fpa      , Aa^Fma      , Aa^Dr       , Ss          , Aa^Fpa      , Aa^Fpa      , Aa^Fpa      , Aa^Fpa      , Aa^Fpa      , Aa^Fpa      , Aa^Fpa      , Aa^Fpa      , Aa^Fpa      , Aa^Fpa      , Aa^Fpa      , Aa^Vla      , Aa^Fpa      , Aa          , Aa          , Aa^Fpa      , Aa^Fpa      , Aa          , Aa^Fpa      , Aa^Fpa      , Aa^Fpa      , Aa^Fpa      , Aa^Fpa      
Ha          , Ms          , Ha^Fma      , Ha^Fda      , Aa          , Rp^Vhc      , Aa^Fma      , Aa^Fma      , Wo          , Wo          , Aa^Fpa      , Aa^Fma      , Aa^Fma      , Aa          , Aa          , Ch          , Kh          , Ww^Vm       , Ww          , Ww          , Wo          , Ww          , Ww          , Ai          , Ww          , Ww          , Ww          , Ai          , Ww^Vm       , Ch          , Ko          , Ss          , Aa^Fda      , Aa^Fpa      , Aa^Vea      , Aa^Fpa      , Ss          , Aa^Fpa      , Aa^Fpa      , Aa^Fpa      , Aa^Fpa      , Aa^Fpa      , Ss          , Aa^Fpa      , Aa^Fpa      , Aa^Fpa      , Aa^Fpa      , Aa^Fpa      , Aa^Fpa      , Aa^Fpa      , Aa^Fpa      , Aa          , Aa          , Aa          , Aa          , Aa          , Aa^Fpa      , Aa^Fpa      , Aa^Fpa      , Aa^Fpa      
Ha          , Ha^Fma      , Ha^Fda      , Ha^Fda      , Aa          , Ai          , Aa^Fma      , Aa^Fpa      , Aa^Fpa      , Aa^Fma      , Wo          , Wo          , Aa          , Aa          , Rr          , Rr          , Ai          , Ww          , Wo          , Wo          , Wo          , Ww          , Ww          , Ww^Vm       , Ch          , Gg          , Gs^Fmw      , Rp          , Ss          , Aa^Fma      , Aa^Fma      , Ss          , Aa^Fda      , Aa^Fpa      , Ss          , Aa^Fpa      , Aa^Fpa      , Aa^Fpa      , Aa^Fpa      , Aa^Fpa      , Aa^Fpa      , Aa^Fpa      , Wo          , Aa^Fpa      , Aa^Fpa      , Aa^Fpa      , Aa^Fpa      , Aa^Fpa      , Aa^Fpa      , Aa^Fpa      , Aa^Fpa      , Aa^Fpa      , Aa^Fpa      , Aa          , Aa          , Aa          , Wo          , Aa^Fpa      , Aa^Fpa      , Aa^Fpa      
Ha          , Ha^Fda      , Ha^Fda      , Ha^Fda      , Ww          , Ww          , Aa          , Aa^Fma      , Aa          , Aa          , Aa          , Aa^Fma      , Rp          , Rp          , Ai          , Aa          , Ai          , Wo          , Wo          , Wo          , Ww          , Gg          , Ww          , Gg          , Rp          , Rp          , Rp^Vhc      , Ss          , Wo          , Aa^Fma      , Aa          , Aa          , Aa          , Aa^Fpa      , Wo          , Re          , Aa^Fda      , Aa          , Aa          , Aa^Fpa      , Aa          , Aa^Fpa      , Aa^Fpa      , Wo          , Aa^Fpa      , Aa^Fpa      , Aa          , Aa          , Aa          , Aa          , Aa          , Aa          , Aa          , Aa          , Aa          , Aa          , Aa          , Aa^Fpa      , Aa          , Aa          
Ai          , Ha^Fda      , Ai          , Ww          , Ww          , Ww          , Ww^Vm       , Aa          , Aa          , Aa          , Aa^Fda      , Aa^Fma      , Rp          , Ww          , Wo          , Ww          , Khw         , Ww          , Wo          , Wo          , Ww          , Gg          , Ww          , Ss          , Rp          , Gg          , Gs^Fmw      , Gs^Fmw      , Wo          , Co^Dr       , Re          , Aa^Fma      , Aa          , Aa^Fma      , Aa^Vla      , Re          , Aa^Fpa      , Aa^Fma      , Aa^Fda      , Aa          , Aa          , Aa          , Ai          , Aa^Fma      , Wo          , Aa          , Wo          , Aa          , Aa          , Aa          , Aa          , Aa          , Aa          , Aa          , Aa          , Aa          , Aa          , Aa          , Aa          , Aa          
Ww          , Ai          , Ww          , Ww          , Rr          , Ww          , Ww          , Aa          , Aa          , Ss          , Aa^Fda      , Aa^Fma      , Rp          , Ww          , Wo          , Ww          , Chw         , Ww          , Ww          , Ww          , Gg          , Ww          , Ww          , Ww^Vm       , Kh          , Rp          , Gs^Fmw      , Ss          , Ss          , Ko          , Aa^Fma      , Re          , Aa          , Aa          , Aa          , Aa^Fma      , Aa^Fpa      , Aa^Fpa      , Aa          , Aa^Fma      , Aa          , Aa          , Re          , Ai          , Aa^Vla      , Wo          , Aa          , Wo          , Wo          , Co          , Wo          , Aa          , Aa^Fma      , Aa          , Aa          , Aa          , Aa          , Aa          , Aa          , Aa          
Ww          , Rr          , Rr          , Rp^Vhc      , Ww          , Ww          , Ww          , Ss          , Rp          , Aa          , Rp          , 5 Ch        , Ww^Vm       , Ww          , Wo          , Wo          , Wo          , Ww          , Ww          , Gg          , Re^Gvs      , Gg          , Gg          , Chw         , Wo          , Wo          , Wo          , Gs^Fmw      , Gs^Fp       , Ss          , Gs^Fp       , Aa^Fma      , Aa^Fda      , Co          , Aa^Fda      , Aa^Fpa      , Aa          , Aa^Fda      , Aa^Fpa      , Aa^Fpa      , Co          , Aa          , Aa          , Re          , Aa^Fpa      , Re          , Aa^Fpa      , Aa^Fpa      , Aa^Fpa      , Ww          , Aa          , Wo          , Wo          , Aa          , Aa          , Aa          , Aa          , Aa          , Aa^Fpa      , Aa^Fpa      
Gg          , Gg          , Gg          , Rr          , Gg          , Ww          , Ww          , Aa          , Rp          , Rp          , Aa^Fda      , Aa^Fda      , Ww          , Wo          , Wo          , Wo          , Wo          , Wo          , Wo          , Gg^Dr       , Rp          , Gs^Fmw      , Gs^Fmf      , Gs^Fmf      , Gs^Fmf      , Gs^Fmw      , Gs^Fmw      , Wo          , Wo          , Gs^Fmw      , Aa^Vla      , Gs^Fp       , Gs^Fmw      , Aa^Fma      , Wo          , Wo          , Aa^Fma      , Aa^Fpa      , Aa^Fpa      , Aa          , Aa          , Aa          , Aa          , Aa          , Aa^Fpa      , Re          , Co          , Aa^Fpa      , Aa^Fpa      , Aa^Fpa      , Aa          , Aa          , Aa^Fpa      , Wo          , Wo          , Aa          , Aa^Fpa      , Aa^Fpa      , Aa^Fpa      , Aa^Fpa      
Gg          , Gg          , Gg          , Rr          , Ww          , Ww          , Ww^Bw/      , Rp^Vhc      , Aa          , Ww          , Ww          , Ww          , Wo          , Wo          , Wo          , Wo          , Wo          , Wo          , Ww          , Wwr         , Wo          , Wo          , Wo          , Gs^Fdw      , Rp          , Gs^Fmf      , Gg          , Rp^Vhc      , Gs^Fmw      , Wo          , Ww          , Gs^Fmw      , Wo          , Wo          , Aa          , Aa          , Wo          , Aa          , Wo          , Aa          , Aa^Fma      , Aa^Fpa      , Aa^Fpa      , Aa^Fma      , Aa          , 7 Ko        , Co          , Aa          , Aa          , Aa^Fpa      , Aa^Dr       , Aa^Vla      , Aa^Fpa      , Aa^Fpa      , Wo          , Ai          , Wo          , Wo          , Wo          , Aa^Fpa      
Wwr         , Gg          , Gg          , Rr          , Ch          , 6 Kh        , Ww^Vm       , Ww          , Ww          , Ww          , Wo          , Wo          , Wo          , Wo          , Ww          , Wo          , Wo          , Ww          , Kh          , Ss^Vm       , Gg          , Gg          , Re^Gvs      , Wo          , Chw         , Chs         , Ss          , Gg          , Gg          , Gs^Fmw      , Gs^Fmf      , Wo          , Gs^Fmf      , Chw         , Gs^Fp       , Ai          , Aa^Vea      , Wo          , Aa          , Aa          , Aa^Fpa      , Aa^Fpa      , Aa^Fpa      , Aa^Fda      , Aa^Fma      , Co          , Aa^Fma      , Aa^Fpa      , Aa^Fpa      , Aa^Fpa      , Aa^Fpa      , Aa          , Aa^Fpa      , Aa^Fpa      , Ww          , Co          , Aa^Fpa      , Aa^Fpa      , Aa          , Wo          
Wwr         , Gg          , Gs^Dr       , Wwr         , Ww^Vm       , Chw         , Ww          , Ww          , Ww          , Chr^Dr      , Ww          , Wo          , Ww          , Ww          , Ch          , Ww^Vm       , Wwr         , Gg          , Rr          , Gg          , Gs^Fmf      , Gg          , Gg          , Wo          , Gg          , 4 Kv        , Gg          , Gg          , Wo          , Gs^Fmf      , Gs^Fmw      , Gs^Fmf      , Gs^Fmw      , Gg          , Wo          , Wo          , Aa          , Re          , Aa          , Aa^Fpa      , Aa^Fpa      , Aa^Fpa      , Aa^Fpa      , Aa^Fda      , Re          , Aa          , Aa^Fpa      , Aa^Fpa      , Aa^Fpa      , Aa          , Aa^Fpa      , Aa          , Aa          , Wo          , Aa^Fpa      , Aa          , Aa          , Aa^Fpa      , Aa^Fpa      , Aa          
Ww^Vm       , Gg          , Gg          , Re^Gvs      , Chw         , Ww          , Gg          , Gg          , Gg          , Ww          , Rr          , Ww          , Rr          , Rr          , 3 Kh        , Chw         , Wo          , Ww^Vm       , Rr          , Gg          , Wo          , Gs^Fmf      , Gg          , Wo          , Wo          , Wwf         , Wo          , Wo          , Ww          , Gg          , Re          , Gs^Fmf      , Gs^Fmw      , Gs^Fmf      , Wo          , Re          , Aa          , Aa          , Aa          , Re          , Co          , Aa          , Aa          , Aa          , Re          , Aa^Fpa      , Aa          , Aa          , Aa^Fma      , Ai          , Wo          , Aa          , Wo          , Wo          , Aa^Fpa      , Aa          , Aa          , Aa^Fpa      , Aa^Fpa      , Aa          
Wo          , Rr          , Rp^Vhc      , Rr          , Gg          , Rr          , Rr          , Gs^Fds      , Rr          , Ww^Vm       , Wo          , Rr          , Gs^Fdf      , Gg          , Re^Gvs      , Gg          , Wo          , Chr^Dr      , Rr          , Gg          , Gg          , Gg          , Ss          , Gg          , Re          , Chs         , Kv          , Ss          , Re          , Gg^Vl       , Gg          , Gg          , Gs^Fmf      , Gg^Vl       , Wo          , Re          , Re          , Aa^Fma      , Aa^Vla      , Aa^Fda      , Aa          , Aa          , Aa          , Re          , Aa          , Aa^Vla      , Aa^Fda      , Aa^Fma      , Gs^Fp       , Ai          , Aa          , Wo          , Aa          , Aa          , Gs^Fp       , Aa          , Gs^Fp       , Aa          , Gs^Fp       , Aa          
Gg          , Wo          , Wo^Bw|      , Re^Gvs      , Wo          , Gg          , Gg          , Rr          , Re^Gvs      , Gg          , Wo          , Re^Gvs      , Re^Gvs      , Gg          , Chw         , Wo^Bw/      , Rp^Vhc      , Re^Gvs      , Rr          , Gg          , Re          , Re          , Re          , Re          , Gg          , Gg          , Gg          , Gg          , Wo          , Gg          , Gg          , Gs^Fmf      , Gs^Fmw      , Gg          , Wo          , Gs^Fp       , Gg          , Re          , Gs^Fp       , Re          , Re          , Re          , Gg          , Aa          , Gg          , Gg^Dr       , Gg          , Gs^Fp       , Gs^Fp       , Aa          , Gg          , Aa^Vca      , Re          , Gg          , Gs^Fp       , Gs^Fp       , Gg          , Ggf         , Gs^Fp       , Gg          
Gg          , Rr          , Chr         , Wo          , Gg          , Wo          , Gg          , Ch          , Kh          , Rr          , Wo          , Rr          , Rr          , Gg          , Rr          , Wo          , Wo          , Gg          , Wo^Bw|      , Re          , Wo          , Wo          , Wo          , Gg          , Gs^Fdf      , Ss          , Ss          , Ww          , Ss          , Wo          , Wo          , Gg          , Gs^Fdw      , Gs^Fmw      , Wo          , Gg          , Co          , Re          , Gs^Fp       , Gg          , Gg          , Gg          , Gg          , Gg          , Gg          , Ww          , Gg          , Gg          , Gs^Fp       , Gs^Fp       , Gg          , Gs^Fp       , Gg          , Re          , Re          , Gg          , Gs^Fp       , Gs^Fp       , Gg          , Gg          
Wo          , Gg          , Gg          , Ch          , Gg          , Wo          , Wo          , Gg          , Rr          , Gg          , Gg          , Wo          , Re^Gvs      , Gg^Vh       , Rr          , Re^Gvs      , Rr          , Wo          , Cv          , Wo          , Wo          , Gs^Fdf      , Gg          , Wo          , Ss^Vhs      , Ss          , Ss          , Ss          , Ss          , Ss          , Ss          , Wo          , Wo          , Gg          , Wo          , Gs^Fmw      , Gs^Fmw      , Gg          , Re          , Gg          , Gg          , Gg          , Gg          , Ggf         , Gg          , Ww          , Gg          , Gg          , Gg^Fet      , Gg          , Gg          , Gs^Fp       , Co          , Gg^Fet      , Gg          , Re          , Gg          , Gg          , Gg          , Gg          
Gs^Fds      , Wo          , Gg          , Rr          , Rr          , Gg          , Wo          , Re^Gvs      , Gg          , Rr          , Hh          , Wo          , Wo          , Rr          , Re^Gvs      , Rr          , Gg          , Rr          , Gg          , Kv          , Wo^Bw\      , Gg          , Gg          , Ww          , Wo          , Ss          , Ss          , Ss          , Ss          , Ss          , Ss          , Ss          , Ss^Vm       , Gs^Fdw      , Wo          , Gg^Vl       , Gg          , Re          , Gg          , Re          , Re          , Gg          , Gg          , Gg          , Gg          , Ww          , Gg          , Gg          , Gg          , Gs^Fp       , Gs          , Gs^Fmw      , Gg          , Gg          , Gg          , Gs^Vht      , Gg          , Gg          , Gs^Fp       , Gs^Fp       
Gs^Fds      , Wo          , Gg          , Gg          , Ggf         , Rp          , Rp^Vhc      , Wo          , Wo          , Hh^Fms      , Hh^Fms      , Hh          , Rp^Vhc      , Wo^Bw/      , Wo          , Re^Gvs      , Gg          , Re^Gvs      , Gg          , Rr          , Wo          , Gg^Vh       , Cv^Dr       , Ss          , Ss          , Ww          , Ss          , Ss^Vhs      , Ss          , Gs^Fms      , Gs^Fmw      , Ss          , Gs          , Ww          , Wo          , Gs^Fms      , Re          , Gs          , Gs          , Gs^Fmw      , Gg          , Re          , Gg^Vl       , Gg          , Gs^Fmw      , Wo          , Ww          , Co          , Gs^Fmw      , Gs^Fmw      , Gs          , Gs          , Gs          , Gg          , Gs          , Gg          , Gs          , Gg          , Gg          , Gg          
Gg          , Gg          , Gg          , Gg          , Gg          , Gg          , Gs^Fds      , Rp          , Wo          , Wo          , Rr          , Hh          , Hh          , Hh          , Rr          , Wo          , Gg          , Re^Gvs      , Rr          , Rr          , Gg          , Wo          , Re          , Gg          , Gs          , Ss          , Ss          , Ss          , Ss          , Gs^Fmw      , Re          , Gs^Fdw      , Co          , Co          , Wwf         , Re          , Gs          , Gs          , Gs          , Gs          , Gs          , Gs          , Re          , Gs          , Gs          , Gs^Fdw      , Wo          , Gs          , Gs          , Gs          , Gs          , Gs          , Gs          , Gs          , Gs          , Gs          , Gs          , Gg^Fet      , Gs          , Gg          
Wo          , Wo          , Wo          , Wo          , Re^Gvs      , Gg          , Gs^Fds      , Gs^Fds      , Ww^Bw/      , Khr         , Chr         , Rr          , Hh^Fms      , Hh          , Rr          , Ww          , Kv          , Gg          , Rp          , Gg          , Ww          , Ww          , Re          , Gs          , Re          , Re          , Re          , Ss          , Re          , Re          , Gs          , Re          , Gs^Fmw      , Ko          , Wo          , Re          , Gs          , Gs          , Gs          , Gs          , Gg^Dr       , Co^Dr       , Re          , Gs          , Gs          , Gg^Dr       , Gs          , Wo          , Wo          , Gs          , Gs          , Gs          , Gs          , Gs          , Gs          , Gs          , Gs          , Gs          , Gs          , Gg          
Gg          , Gg          , Ggf         , Gg          , Gg          , Gg          , Re^Gvs      , Gs^Dr       , Hh^Fms      , Wo          , Hh          , Hh          , Hh^Fp       , Hh^Fms      , Hh          , Rr          , Hh          , Cv          , Hh          , Rr          , Hh^Fp       , Re          , Hh^Fms      , Gg^Ve       , Gs^Fdf      , Re^Gvs      , Gs          , Chs         , Gs          , Gs          , Gs          , Gs^Fmw      , Re          , Re          , Wo          , Gg^Vl       , Gs          , Gs          , Gg^Fet      , Gs          , Gs          , Gs          , Re          , Gs^Fmw      , Gs          , Gs          , Gs          , Gs          , Gs          , Wo          , Wo          , Gs          , Gs^Fmw      , Gs          , Wo          , Gs          , Gs          , Gs          , Gs          , Gs          
Gg          , Gg          , Gg          , Gg          , Gg          , Gg          , Rr          , Rr          , Hh^Fms      , Wo          , Hh^Fms      , Hh          , Hh          , Hh          , Hh          , Hh^Fms      , Hh          , Hh          , Hh          , Hh          , Hh          , Hh^Fp       , Hh          , Hh^Fms      , Re^Gvs      , Re^Gvs      , Gs          , Ww          , Re^Gvs      , Re^Gvs      , Re          , Re          , Gs^Fdw      , Re          , Re          , Wo          , Wo          , Gs          , Gs          , Gs          , Gs          , Gs^Fp       , Gg^Vl       , Ww          , Ww          , Gs          , Gs          , Gs          , Gs          , Gs          , Gs          , Wo          , Wo          , Wo          , Gs          , Wo          , Gs          , Gs          , Ww          , Ww          
Gg          , Gg          , Wo          , Wo          , Wo          , Rr          , Wo          , Gg          , Wo^Bw|      , Hh^Vhh      , Hh          , Hh^Dr       , Gg^Vh       , Gs          , Gg          , Hh          , Gs          , Hh          , Re          , Ss^Vhs      , Gs          , Hh          , Hh          , Hh^Fp       , Hh          , Gs          , Gs          , Wo          , Ww          , Re          , Gs          , Gs          , Gs          , Gs^Fmw      , Gg^Vh       , Wo          , Wo          , Gs          , Gs          , Gs          , Gs          , Gs^Fmw      , Gs^Fmw      , Gs^Fmf      , Gs          , Wo          , Wo          , Gs          , Gs          , Gs^Fmw      , Gs^Fdw      , Gs          , Gs          , Gs          , Gs          , Wo          , Gs          , Gs^Vht      , Ww          , Gs          
Rr          , Rr          , Rr          , Rp^Vhc      , Hh          , Wo          , Hh^Fp       , Wo          , Ch          , Wo          , Gs          , Gs          , Gs          , Gs          , Gs          , Gs          , Rr          , Cv          , Re          , Ww          , Gs          , Gs          , Hh          , Hh^Fms      , Cud         , Cv          , Rr          , Gs          , Gg^Vh       , Wo          , Wo          , Re^Gvs      , Gs          , Re^Gvs      , Gg^Fet      , Gs          , Gs          , Wo          , Wo          , Gs          , Gs          , Gs          , Gs          , Gs          , Gs          , Gs          , Gs          , Wo          , Gs          , Gs          , Gs          , Gs          , Gs          , Gs          , Gs          , Ww          , Ss          , Ss          , Ss          , Ww          
Hh          , Hh          , Hh^Fp       , Hh          , Mm          , Wo          , Uu^Vud      , Hh^Fp       , 9 Kh        , Wo          , Wo          , Gs          , Wo          , Cv          , Kv          , Rr          , Gs          , Gs          , Wo          , Ww          , Re          , Gg^Vh       , Gs^Fms      , Hh^Fms      , Hh          , Ww          , Wo          , Rr          , Gs          , Re^Gvs      , Re^Gvs      , Wo          , Wo          , Gs          , Gs          , Gs          , Ce          , Re^Gvs      , Wo          , Wo          , Gs          , Gs          , Gs          , Gs          , Gs          , Gs          , Gs          , Ww          , Wo          , Gs          , Gs          , Gs          , Gs          , Gs          , Wo          , Ww          , Ss          , Ss          , Ss          , Ss          
Mm^Xm       , Mm          , Mm^Xm       , Wo          , Mm^Xm       , Mm^Xm       , Mm^Xm       , Mm^Xm       , Ch          , Ch          , Hh          , Wo          , Rp^Vhc      , Wo^Bw/      , Gg          , Gs          , Gs          , Wo          , Gs          , Gs          , Re          , Gs          , Cud         , Hh^Fdw      , Hh^Fdw      , Hh^Dr       , Wo          , Rr          , Gg^Fet      , Gs          , Gs          , Gs          , Gs          , Wo          , Gs          , Gg^Wm       , 2 Ke        , Wo          , Gs          , Gs          , Gs          , Gs          , Gs          , Gs          , Gg^Wm       , Gs          , Gs          , Gs          , Wo          , Ke          , Ce          , Gs          , Gs          , Gs          , Wo          , Gs          , Ss          , Ss          , Ss          , Ss          
Mm^Xm       , Mm^Xm       , Mm          , Hh          , Hh^Fp       , Mm          , Mm          , Mm          , Ww          , Hh          , Hh          , Wo          , Gs          , Wo          , Gs          , Gs          , Wo          , Wo          , Gs          , Gs          , Hh          , Re          , Gs^Fms      , Kud         , Re          , Hh^Fdw      , Hh^Fdw      , Wo          , Wo          , Gs          , Gs          , Gs          , Gs^Vht      , Wo          , Wo          , Wo          , Wo          , Wo          , Gs          , Gs          , Gs          , Gs          , Gs          , Gs          , Ww          , Ww          , Chs^Dr      , Wo          , Gs          , Wo          , Wo          , Gs          , Wo          , Wo          , Gs          , Gs          , Ss          , Ss          , Ss          , Ss          
Hh          , Mm^Xm       , Hh^Fp       , Hh          , Gs          , Hh^Fp       , Hh          , Ch          , Hh          , Wo          , Wo          , Gs          , Chs         , Wo          , Wo          , Gs          , Ww          , Gs          , Chr         , Gs          , Hh^Fdw      , Hh^Fdw      , Hh^Fdw      , Gs^Fms      , Hh          , Re          , Hh^Vhh      , Hh^Fdw      , Wo          , Gs          , Wo          , Wo          , Wwr         , Wwr         , Gs          , Gs          , Gs          , Gs          , Ce          , Gs          , Ww          , Ww          , Ww          , Ww          , Ww          , Gs^Vht      , Gs          , Gs          , Gs          , Gs          , Gs          , Wo          , Gs          , Gs          , Gs          , Gs^Fdw      , Gs          , Ss          , Ss          , Ss          
Wo          , Hh          , Chw         , Rr          , Rr          , Rr          , Rr          , Hh          , Hh^Vhh      , Gs^Fms      , Gs^Fms      , Wo          , Wo          , Ww          , Rr          , Ww          , Rr          , Rp^Vhc      , Gs          , Gs          , Hh          , Hh          , Mm          , Mm          , Mm          , Mm          , Mm          , Mm          , Mm          , Wo          , Gs          , Gs          , Ww^Vm       , Ww          , Ww          , Ww          , Ww          , Ww          , Gs          , Wwr         , Ww          , Wo          , Ww          , Wo          , Ww          , Ww          , Ss          , Gs          , Gs          , Gs          , Gs          , Gs          , Gs          , Gs          , Gs          , Gs^Fmw      , Gs          , Ss          , Ss          , Ss          
Gs          , Wo          , Rr          , Ww^Vm       , Ww          , Gs          , Hh          , Ww          , Wo          , Wo          , Wo          , Hh          , Hh          , Wo          , Wo          , Rr          , Gs          , Gs          , Gs          , Gs          , Hh^Fdw      , Mm          , Hh^Fdw      , Hh^Fdw      , Gg^Wm       , Hh^Fdw      , Hh^Fdw      , Mm          , Hh          , Hh          , Wwr         , Ww          , Wo          , Wo          , Wo          , Wo          , Ww          , Gs          , Ce          , Gs          , Gs          , Ww          , Gs^Vht      , Ww          , Ww          , Ss          , Ss          , Ss          , Gs          , Gs          , Gs          , Gs          , Gs          , Gs^Fdw      , Gs          , Gs          , Gs          , Gs          , Gs          , Ss          
Gs          , Gs          , Rr          , Ww          , Wo          , Wwr         , Wwr         , Gs          , Hh^Fdw      , Hh^Fdw      , Hh          , Wo          , Wo          , Wo          , Cud         , Wo^Bw|      , Wo          , Gs          , Gs          , Hh          , Hh          , Hh^Fdw      , Gs          , Gs          , Rd          , Gs          , Wo          , Ww          , Wo          , Wwr         , Wo          , Wo          , Wo          , Wo          , Wo          , Wo          , Wo          , Ww          , 1 Ke        , Ce          , Ww          , Gs          , Ww          , Ss^Vm       , Ss          , Ss          , Ss          , Ss          , Gs^Fdw      , Gs          , Gs          , Gs^Vht      , Gs          , Gs          , Gs          , Gs          , Gs          , Gs          , Gs          , Gs          
Hh          , Gs          , Hh          , Ww          , Ww          , Wo          , Ww          , Gs          , Gs          , Hh^Fdw      , Rd          , Hh          , Hh          , Wo          , Hd          , Kud         , Hh^Fdw      , Wo          , Wo          , Hh          , Hh          , Gs          , Gs          , Gg^Vh       , Rd          , Re^Gvs      , Wo          , Gs          , Gs          , Ww          , Wo          , Wo          , Wo          , Wo          , Wo          , Wo          , Wo          , Ww^Vm       , Ww          , Ww          , Wo          , Ww          , Wo          , Ww          , Ww          , Ss          , Ss          , Ss          , Gg^Wm       , Gs^Fdw      , Gs^Fdw      , Gs          , Gs          , Gs          , Gs^Fdw      , Gs          , Gs          , Gg^Wm       , Gs          , Gs          
Hh          , Hh          , Hh          , Hh          , Ww          , Wo          , Wo          , Wwr         , Wwr         , Hh          , Rd          , Cud         , Hh          , Wo          , Hd          , Gs          , Gs          , Hh^Fdw      , Hd          , Wo          , Wo          , Wo          , Wo          , Wo          , Wo          , Wo^Bw\      , Cud         , Gs          , Gs          , Ww          , Wo          , Wo          , Wo          , Wo          , Wo          , Wo          , Wo          , Wo          , Wo          , Wo          , Wo          , Wo          , Wo          , Wo          , Wo          , Ww          , Ww          , Hd          , Hd          , Hd          , Mm          , Hd          , Hd          , Gs^Fdw      , Hd          , Gs^Fdw      , Hd          , Gs^Fdw      , Gs^Fdw      , Re^Vct      
Hh          , Hh          , Hh          , Hh          , Mm          , Ww          , Wo          , Wo          , Wo          , Wwr         , Wwr         , Rd          , Hh          , Wo          , Hh^Fdw      , Hh^Fdw      , Gs          , Hh^Fdw      , Hd          , Rd          , Hd          , Gs          , Hd          , Gs          , Rd          , Rd          , Hh^Fdw      , Re^Gvs      , Ww^Vm       , Ww          , Wo          , Wo          , Wo          , Wo          , Wo          , Wo          , Wo          , Wo          , Wo          , Wo          , Wo          , Wo          , Wo          , Wo          , Wo          , Wo          , Wo          , Ww          , Ww          , Mm          , Hd          , Mm          , Mm^Xm       , Mm          , Mm          , Mm^Xm       , Mm          , Hd          , Wo          , Hd          
Hh          , Hh          , Hh          , Mm          , Mm          , Ww          , Wo          , Wo          , Wo          , Wo          , Ww          , Hh          , Chw         , Wo          , Hd          , Hd          , Rd          , Hh^Fdw      , Hh^Fdw      , Hh^Fdw      , Rd          , Gs          , Hd          , Hd          , Rd          , Hd          , Hd          , Hd          , Ww          , Wo          , Wo          , Wo          , Wo          , Wo          , Wo          , Wo          , Wo          , Wo          , Wo          , Wo          , Wo          , Wo          , Wo          , Wo          , Wo          , Wo          , Wo          , Wo          , Wo          , Ww          , Dd          , Dd          , Dd          , Mm          , Mm          , Mm^Xm       , Hd          , Mm          , Mm^Xm       , Md          
Ww          , Hh          , Cud         , Mm          , Mm          , Ww          , Ww          , Wo          , Wo          , Wo          , Wo          , Ww^Vm       , Ww          , Mm          , Mm          , Gg^Wm       , Hd          , Hh^Fdw      , Gs          , Hd          , Dd^Vda      , Hh^Fdw      , Mm          , Hd          , Rd          , Hd          , Ds          , Ww          , Wo          , Wo          , Wo          , Wo          , Wo          , Wo          , Wo          , Wo          , Ww          , Ww          , Ww^Vm       , Ww          , Ww          , Wo          , Wo          , Wo          , Wo          , Wo          , Wo          , Wo          , Wo          , Ww          , Ww          , Dd^Vdt      , Dd          , Mm^Xm       , Mm^Xm       , Mm          , Hd          , Hd          , Hd          , Hd          
Wo          , Ww          , Kud         , Cud         , Mm          , Hh          , Ww          , Ww          , Ww          , Wo          , Wo          , Wo          , Wo          , Ww          , Hd          , Mm          , Mm          , Hd          , Gs          , Hd          , Mm          , Mm          , Mm          , Mm          , Dd^Vda      , Dd          , Ds          , Ww          , Ww          , Wo          , Wo          , Wo          , Wo          , Wo          , Ww          , Ww          , Ds          , Hd          , Mm          , Cud         , Mm          , Ww          , Ww          , Wo          , Ww          , Wo          , Ww          , Wo          , Ww          , Ww          , Mm          , Mm          , Mm          , Mm^Xm       , Mm          , Mm^Xm       , Mm          , Hd          , Hd          , Hd          
Wo          , Ww          , Ww          , Cud         , Mm          , Rr          , Rr          , Hh          , Ww          , Wo          , Wo          , Wo          , Wo          , Ww          , Rd          , Mm          , Mm          , Hd          , Hd          , Hh^Fdw      , Hd          , Mm          , Mm          , Mm          , Hd          , Rd          , Cud         , Cud         , Kud         , Ww          , Ww          , Wo          , Ww          , Ww          , Hd          , Dd          , Hd          , Mm          , Mm          , Mm          , Mm          , Mm          , Ds          , Ww          , Ds          , Ww          , Mm          , Ww^Vm       , Mm          , Mm          , Hd          , Hd          , Hd          , Hd          , Hd          , Mm          , Mm^Xm       , Mm          , Mm          , Hd          
Wo          , Wo          , Wo          , Ww          , Rp^Vhc      , Mm          , Rr          , Hh          , Hh          , Ww          , Ww          , Wo          , Wo          , Ww          , Dd^Vda      , Hd          , Mm          , Mm          , Gs          , Rd          , Rd          , Hd          , Ww          , Mm          , Mm          , Ds          , Wo          , Ww^Vm       , Ww          , Ww^Bw\      , 8 Kud       , Ww          , Ds          , Ds          , Mm          , Hd          , Hd          , Hd          , Hd          , Hd          , Hd          , Hd          , Wo          , Wo          , Hd          , Mm          , Ds          , Cud         , Mm          , Hd          , Hd          , Hd          , Hd          , Hd          , Hd          , Hd          , Dd          , Mm^Xm       , Mm^Xm       , Mm          
Wo          , Wo          , Wo          , Ww          , Ww          , Mm          , Hh          , Rr          , Rr          , Cud         , Gs          , Ww          , Ww          , Ww          , Hd          , Mm          , Hd          , Hd          , Rd          , Ww          , Hh          , Wwr         , Wo          , Ww          , Wwr         , Ww          , Ds          , Ww          , Ds          , Ww          , Cud         , Cud         , Rd          , Hd          , Mm          , Mm          , Hd          , Dd          , Rd          , Dd^Dc       , Dd          , Hd          , Wo          , Dd^Vda      , Ds          , Ds          , Wo          , Dd          , Mm          , Mm          , Hd          , Hd          , Hd          , Hd          , Hd          , Hd          , Mm          , Mm          , Hd          , Mm          
Wo          , Wo          , Wo          , Wo          , Wo          , Ww          , Hh          , Hh          , Mm          , Ww^Vm       , Ww          , Gs          , Ww          , Ww          , Mm          , Mm          , Hd          , Hd          , Hd          , Ww^Vm       , Ww          , Ww          , Wo          , Wo          , Wwr         , Ds          , Hd          , Hd          , Dd^Vda      , Mm          , Mm          , Hd          , Hd          , Rd          , Rd          , Hd          , Rd          , Rd          , Dd          , Rd          , Cud         , Hd          , Dd^Do       , Wo          , Ww          , Wo          , Hd          , Hd          , Hd          , Mm          , Hd          , Hd          , Dd          , Hd          , Hd          , Mm          , Dd          , Hd          , Hd          , Hd          
Wo          , Wo          , Wo          , Wo          , Wo          , Ww          , Ww          , Mm          , Mm          , Ww          , Wo          , Ww          , Wo          , Ww          , Wwr         , Mm          , Mm          , Hd          , Hd          , Ww          , Wo          , Wo          , Wo          , Wo          , Ww          , Hd          , Hd          , Hd          , Hd          , Hd          , Mm          , Hd          , Dd          , Hd          , Dd          , Rd          , Hd          , Hd          , Hd          , Dd          , Dd          , Kud         , Dd          , Ds          , Hd          , Hd          , Hd          , Hd          , Hd          , Hd          , Hd          , Hd          , Dd          , Hd          , Hd          , Mm          , Mm          , Hd          , Hd          , Hd          
Wo          , Wo          , Wo          , Wo          , Wo          , Wo          , Ww          , Hh          , Hh          , Ww          , Wo          , Wo          , Wo          , Wo          , Ww          , Mm          , Mm          , Mm          , Hd          , Ww          , Wo          , Wo          , Wo          , Wo          , Ww          , Dd          , Hd          , Dd          , Dd          , Hd          , Hd          , Hd          , Hd          , Dd          , Dd          , Dd          , Dd          , Hd          , Dd          , Hd          , Hd          , Dd          , Hd          , Hd          , Hd          , Hd          , Mm          , Hd          , Mm          , Hd          , Hd          , Dd          , Dd          , Hd          , Hd          , Mm          , Mm          , Hd          , Hd          , Hd          
Wo          , Wo          , Wo          , Wo          , Wo          , Wo          , Ww          , Hh          , Ww          , Ww          , Wo          , Wo          , Wo          , Wo          , Wo          , Wwr         , Ww          , Mm          , Gs          , Wwr         , Wo          , Wo          , Wo          , Wo          , Wo          , Ww          , Hd          , Hd          , Hd          , Hd          , Dd          , Dd          , Hd          , Hd          , Hd          , Wo          , Dd          , Dd          , Dd          , Dd          , Hd          , Hd          , Hd          , Hd          , Hd          , Gg^Wm       , Mm          , Mm          , Mm          , Hd          , Dd          , Dd^Dc       , Dd          , Dd          , Dd          , Dd          , Dd          , Mm          , Hd          , Hd          
